[
  {
    "requestType": "REST",
    "method": "POST",
    "resource": "Pet",
    "rule": [
      {
        "petName": "Test1",
        "petId": "1000"
      },
      {
        "petName": "Test2",
        "petId": "2000"
      }
    ],
    "availableParams": [
      {
        "parameterType": "ADDIFY_PARAM",
        "value": "<petId>",
        "key": "petId"
      },
      {
        "parameterType": "ADDIFY_PARAM",
        "value": "<petName>",
        "key": "petName"
      },
      {
        "parameterType": "HEADER_PARAM",
        "value": "application/json",
        "key": "contentType"
      }
    ],
    "type": "PARAMS",
    "url": "/api/pets",
    "input": "{\n  \"category\": {\n    \"id\": 0,\n    \"name\": \"string\"\n  },\n  \"id\": <petId>,\n  \"name\": \"<petName>\",\n  \"photoUrls\": [\n    \"string\"\n  ],\n  \"status\": \"available\",\n  \"tags\": [\n    {\n      \"id\": 0,\n      \"name\": \"string\"\n    }\n  ],\n  \"type\": \"DOGS\"\n}",
    "scenario": "post API Testing",
    "skipScenario": "EXACT (\"[petName]\",\"Test2\")",
    "contentType": "application/json",
    "scenarioId": "PetPost",
    "httpStatusCode": "201"
  },
  {
    "outputFields": {
      "name": "Rocky"
    },
    "requestType": "REST",
    "method": "GET",
    "scenario": "get by Id",
    "resource": "Pet",
    "csvson": [
      "id,name, category/id:name,status",
      "i~101,Rockey,i~100:german shepherd,available"
    ],
    "availableParams": [
      {
        "parameterType": "HEADER_PARAM",
        "value": "application/json",
        "key": "contentType"
      },
      {
        "parameterType": "ADDIFY_PARAM",
        "value": "100",
        "key": "petId"
      }
    ],
    "contentType": "application/json",
    "scenarioId": "PetGet",
    "url": "/api/pets/[petId]",
    "httpStatusCode": "200"
  }
]