[
  {
    "output": "{\n  \"category\": {\n    \"id\": 200,\n    \"name\": \"Bulldog\"\n  },\n  \"id\": 201,\n  \"name\": \"Butch\",\n  \"photoUrls\": [\n    \"string\"\n  ],\n  \"status\": \"available\",\n  \"tags\": [\n    {\n      \"id\": 201,\n      \"name\": \"grey\"\n    }\n  ]\n}",
    "requestType": "REST",
    "method": "GET",
    "scenario": "get API testing",
    "resource": "pet",
    "availableParams": [
      {
        "parameterType": "HEADER_PARAM",
        "value": "application/json",
        "key": "contentType"
      },
      {
        "parameterType": "STORAGE_PARAM",
        "value": "id",
        "key": "petId"
      },
      {
        "parameterType": "STORAGE_PARAM",
        "value": "name",
        "key": "petName"
      },
      {
        "parameterType": "STORAGE_PARAM",
        "value": "category.name",
        "key": "category_name"
      },
      {
        "parameterType": "QUERY_PARAM",
        "value": "[tag]",
        "key": "tags"
      }
    ],
    "contentType": "application/json",
    "scenarioId": "PetGet",
    "url": "/api/pets/findByTags",
    "tags": "@pet @test",
    "httpStatusCode": "200"
  }
]